07:13:17 **** Incremental Build of configuration Debug for project 01_Create_Tasks ****
make -j8 all 
arm-none-eabi-gcc "../Core/Src/main.c" -mcpu=cortex-m4 -std=gnu11 -g3 -DDEBUG -DUSE_HAL_DRIVER -DSTM32F446xx -c -I../Core/Inc -I../Drivers/STM32F4xx_HAL_Driver/Inc -I../Drivers/STM32F4xx_HAL_Driver/Inc/Legacy -I../Drivers/CMSIS/Device/ST/STM32F4xx/Include -I../Drivers/CMSIS/Include -I../Middlewares/Third_Party/FreeRTOS/Source/include -I../Middlewares/Third_Party/FreeRTOS/Source/CMSIS_RTOS_V2 -I../Middlewares/Third_Party/FreeRTOS/Source/portable/GCC/ARM_CM4F -O0 -ffunction-sections -fdata-sections -Wall -fstack-usage -fcyclomatic-complexity -MMD -MP -MF"Core/Src/main.d" -MT"Core/Src/main.o" --specs=nano.specs -mfpu=fpv4-sp-d16 -mfloat-abi=hard -mthumb -o "Core/Src/main.o"
arm-none-eabi-gcc -o "01_Create_Tasks.elf" @"objects.list"   -mcpu=cortex-m4 -T"D:\repos\freertos\workspace\01_Create_Tasks\STM32F446RETX_FLASH.ld" --specs=nosys.specs -Wl,-Map="01_Create_Tasks.map" -Wl,--gc-sections -static --specs=nano.specs -mfpu=fpv4-sp-d16 -mfloat-abi=hard -mthumb -Wl,--start-group -lc -lm -Wl,--end-group
Finished building target: 01_Create_Tasks.elf
 
arm-none-eabi-size  01_Create_Tasks.elf 
arm-none-eabi-objdump -h -S 01_Create_Tasks.elf  > "01_Create_Tasks.list"
   text	   data	    bss	    dec	    hex	filename
  11848	     96	   3192	  15136	   3b20	01_Create_Tasks.elf
Finished building: default.size.stdout
 
Finished building: 01_Create_Tasks.list
 
07:21:30 **** Incremental Build of configuration Debug for project 01_Create_Tasks ****
make -j8 all 
arm-none-eabi-size  01_Create_Tasks.elf 
   text	   data	    bss	    dec	    hex	filename
  11848	     96	   3192	  15136	   3b20	01_Create_Tasks.elf
Finished building: default.size.stdout
 
07:24:29 **** Incremental Build of configuration Debug for project 01_Create_Tasks ****
make -j8 all 
arm-none-eabi-gcc "../Core/Src/main.c" -mcpu=cortex-m4 -std=gnu11 -g3 -DDEBUG -DUSE_HAL_DRIVER -DSTM32F446xx -c -I../Core/Inc -I../Drivers/STM32F4xx_HAL_Driver/Inc -I../Drivers/STM32F4xx_HAL_Driver/Inc/Legacy -I../Drivers/CMSIS/Device/ST/STM32F4xx/Include -I../Drivers/CMSIS/Include -I../Middlewares/Third_Party/FreeRTOS/Source/include -I../Middlewares/Third_Party/FreeRTOS/Source/CMSIS_RTOS_V2 -I../Middlewares/Third_Party/FreeRTOS/Source/portable/GCC/ARM_CM4F -O0 -ffunction-sections -fdata-sections -Wall -fstack-usage -fcyclomatic-complexity -MMD -MP -MF"Core/Src/main.d" -MT"Core/Src/main.o" --specs=nano.specs -mfpu=fpv4-sp-d16 -mfloat-abi=hard -mthumb -o "Core/Src/main.o"
../Core/Src/main.c: In function 'main':
../Core/Src/main.c:35:11: warning: implicit declaration of function 'printf' [-Wimplicit-function-declaration]
   35 |           printf("Hello from STM32 \n\r");
      |           ^~~~~~
../Core/Src/main.c:5:1: note: include '<stdio.h>' or provide a declaration of 'printf'
    4 | #include "cmsis_os.h"
  +++ |+#include <stdio.h>
    5 | 
../Core/Src/main.c:35:11: warning: incompatible implicit declaration of built-in function 'printf' [-Wbuiltin-declaration-mismatch]
   35 |           printf("Hello from STM32 \n\r");
      |           ^~~~~~
../Core/Src/main.c:35:11: note: include '<stdio.h>' or provide a declaration of 'printf'
arm-none-eabi-gcc -o "01_Create_Tasks.elf" @"objects.list"   -mcpu=cortex-m4 -T"D:\repos\freertos\workspace\01_Create_Tasks\STM32F446RETX_FLASH.ld" --specs=nosys.specs -Wl,-Map="01_Create_Tasks.map" -Wl,--gc-sections -static --specs=nano.specs -mfpu=fpv4-sp-d16 -mfloat-abi=hard -mthumb -Wl,--start-group -lc -lm -Wl,--end-group
Finished building target: 01_Create_Tasks.elf
 
arm-none-eabi-size  01_Create_Tasks.elf 
arm-none-eabi-objdump -h -S 01_Create_Tasks.elf  > "01_Create_Tasks.list"
   text	   data	    bss	    dec	    hex	filename
  16020	    104	   3216	  19340	   4b8c	01_Create_Tasks.elf
Finished building: default.size.stdout
 
Finished building: 01_Create_Tasks.list
 
07:27:53 **** Incremental Build of configuration Debug for project 01_Create_Tasks ****
make -j8 all 
arm-none-eabi-gcc "../Core/Src/main.c" -mcpu=cortex-m4 -std=gnu11 -g3 -DDEBUG -DUSE_HAL_DRIVER -DSTM32F446xx -c -I../Core/Inc -I../Drivers/STM32F4xx_HAL_Driver/Inc -I../Drivers/STM32F4xx_HAL_Driver/Inc/Legacy -I../Drivers/CMSIS/Device/ST/STM32F4xx/Include -I../Drivers/CMSIS/Include -I../Middlewares/Third_Party/FreeRTOS/Source/include -I../Middlewares/Third_Party/FreeRTOS/Source/CMSIS_RTOS_V2 -I../Middlewares/Third_Party/FreeRTOS/Source/portable/GCC/ARM_CM4F -O0 -ffunction-sections -fdata-sections -Wall -fstack-usage -fcyclomatic-complexity -MMD -MP -MF"Core/Src/main.d" -MT"Core/Src/main.o" --specs=nano.specs -mfpu=fpv4-sp-d16 -mfloat-abi=hard -mthumb -o "Core/Src/main.o"
arm-none-eabi-gcc -o "01_Create_Tasks.elf" @"objects.list"   -mcpu=cortex-m4 -T"D:\repos\freertos\workspace\01_Create_Tasks\STM32F446RETX_FLASH.ld" --specs=nosys.specs -Wl,-Map="01_Create_Tasks.map" -Wl,--gc-sections -static --specs=nano.specs -mfpu=fpv4-sp-d16 -mfloat-abi=hard -mthumb -Wl,--start-group -lc -lm -Wl,--end-group
Finished building target: 01_Create_Tasks.elf
 
arm-none-eabi-size  01_Create_Tasks.elf 
arm-none-eabi-objdump -h -S 01_Create_Tasks.elf  > "01_Create_Tasks.list"
   text	   data	    bss	    dec	    hex	filename
  16020	    104	   3216	  19340	   4b8c	01_Create_Tasks.elf
Finished building: default.size.stdout
 
Finished building: 01_Create_Tasks.list
 
