19:25:29 **** Incremental Build of configuration Debug for project 01_Create_Tasks ****
make -j8 all 
arm-none-eabi-gcc "../Core/Src/main.c" -mcpu=cortex-m4 -std=gnu11 -g3 -DDEBUG -DUSE_HAL_DRIVER -DSTM32F446xx -c -I../Core/Inc -I../Drivers/STM32F4xx_HAL_Driver/Inc -I../Drivers/STM32F4xx_HAL_Driver/Inc/Legacy -I../Drivers/CMSIS/Device/ST/STM32F4xx/Include -I../Drivers/CMSIS/Include -I../Middlewares/Third_Party/FreeRTOS/Source/include -I../Middlewares/Third_Party/FreeRTOS/Source/CMSIS_RTOS_V2 -I../Middlewares/Third_Party/FreeRTOS/Source/portable/GCC/ARM_CM4F -O0 -ffunction-sections -fdata-sections -Wall -fstack-usage -fcyclomatic-complexity -MMD -MP -MF"Core/Src/main.d" -MT"Core/Src/main.o" --specs=nano.specs -mfpu=fpv4-sp-d16 -mfloat-abi=hard -mthumb -o "Core/Src/main.o"
arm-none-eabi-gcc -o "01_Create_Tasks.elf" @"objects.list"   -mcpu=cortex-m4 -T"D:\repos\freertos\workspace\01_Create_Tasks\STM32F446RETX_FLASH.ld" --specs=nosys.specs -Wl,-Map="01_Create_Tasks.map" -Wl,--gc-sections -static --specs=nano.specs -mfpu=fpv4-sp-d16 -mfloat-abi=hard -mthumb -Wl,--start-group -lc -lm -Wl,--end-group
Finished building target: 01_Create_Tasks.elf
 
arm-none-eabi-size  01_Create_Tasks.elf 
arm-none-eabi-objdump -h -S 01_Create_Tasks.elf  > "01_Create_Tasks.list"
   text	   data	    bss	    dec	    hex	filename
  21220	     96	  20960	  42276	   a524	01_Create_Tasks.elf
Finished building: default.size.stdout
 
Finished building: 01_Create_Tasks.list
 
19:25:34 **** Incremental Build of configuration Debug for project 01_Create_Tasks ****
make -j8 all 
arm-none-eabi-size  01_Create_Tasks.elf 
   text	   data	    bss	    dec	    hex	filename
  21220	     96	  20960	  42276	   a524	01_Create_Tasks.elf
Finished building: default.size.stdout
 
